[
{
    "entityType": "container",
    "entityUrn": "urn:li:container:3a4688ecc84119d5c1b3004e4a9a63b0",
    "changeType": "UPSERT",
    "aspectName": "containerProperties",
    "aspect": {
        "json": {
            "customProperties": {
                "platform": "oracle",
                "env": "PROD",
                "database": ""
            },
            "name": "",
            "env": "PROD"
        }
    },
    "systemMetadata": {
        "lastObserved": 1615443388097,
        "runId": "oracle-no-procedures-test",
        "lastRunId": "no-run-id-provided"
    }
},
{
    "entityType": "container",
    "entityUrn": "urn:li:container:3a4688ecc84119d5c1b3004e4a9a63b0",
    "changeType": "UPSERT",
    "aspectName": "status",
    "aspect": {
        "json": {
            "removed": false
        }
    },
    "systemMetadata": {
        "lastObserved": 1615443388097,
        "runId": "oracle-no-procedures-test",
        "lastRunId": "no-run-id-provided"
    }
},
{
    "entityType": "container",
    "entityUrn": "urn:li:container:3a4688ecc84119d5c1b3004e4a9a63b0",
    "changeType": "UPSERT",
    "aspectName": "dataPlatformInstance",
    "aspect": {
        "json": {
            "platform": "urn:li:dataPlatform:oracle"
        }
    },
    "systemMetadata": {
        "lastObserved": 1615443388097,
        "runId": "oracle-no-procedures-test",
        "lastRunId": "no-run-id-provided"
    }
},
{
    "entityType": "container",
    "entityUrn": "urn:li:container:3a4688ecc84119d5c1b3004e4a9a63b0",
    "changeType": "UPSERT",
    "aspectName": "subTypes",
    "aspect": {
        "json": {
            "typeNames": [
                "Database"
            ]
        }
    },
    "systemMetadata": {
        "lastObserved": 1615443388097,
        "runId": "oracle-no-procedures-test",
        "lastRunId": "no-run-id-provided"
    }
},
{
    "entityType": "container",
    "entityUrn": "urn:li:container:3a4688ecc84119d5c1b3004e4a9a63b0",
    "changeType": "UPSERT",
    "aspectName": "browsePathsV2",
    "aspect": {
        "json": {
            "path": []
        }
    },
    "systemMetadata": {
        "lastObserved": 1615443388097,
        "runId": "oracle-no-procedures-test",
        "lastRunId": "no-run-id-provided"
    }
},
{
    "entityType": "container",
    "entityUrn": "urn:li:container:afc89a9f6529cfeae28f6d91b84f159e",
    "changeType": "UPSERT",
    "aspectName": "container",
    "aspect": {
        "json": {
            "container": "urn:li:container:3a4688ecc84119d5c1b3004e4a9a63b0"
        }
    },
    "systemMetadata": {
        "lastObserved": 1615443388097,
        "runId": "oracle-no-procedures-test",
        "lastRunId": "no-run-id-provided"
    }
},
{
    "entityType": "container",
    "entityUrn": "urn:li:container:afc89a9f6529cfeae28f6d91b84f159e",
    "changeType": "UPSERT",
    "aspectName": "containerProperties",
    "aspect": {
        "json": {
            "customProperties": {
                "platform": "oracle",
                "env": "PROD",
                "database": "",
                "schema": "hr_schema"
            },
            "name": "hr_schema",
            "env": "PROD"
        }
    },
    "systemMetadata": {
        "lastObserved": 1615443388097,
        "runId": "oracle-no-procedures-test",
        "lastRunId": "no-run-id-provided"
    }
},
{
    "entityType": "container",
    "entityUrn": "urn:li:container:afc89a9f6529cfeae28f6d91b84f159e",
    "changeType": "UPSERT",
    "aspectName": "status",
    "aspect": {
        "json": {
            "removed": false
        }
    },
    "systemMetadata": {
        "lastObserved": 1615443388097,
        "runId": "oracle-no-procedures-test",
        "lastRunId": "no-run-id-provided"
    }
},
{
    "entityType": "container",
    "entityUrn": "urn:li:container:afc89a9f6529cfeae28f6d91b84f159e",
    "changeType": "UPSERT",
    "aspectName": "dataPlatformInstance",
    "aspect": {
        "json": {
            "platform": "urn:li:dataPlatform:oracle"
        }
    },
    "systemMetadata": {
        "lastObserved": 1615443388097,
        "runId": "oracle-no-procedures-test",
        "lastRunId": "no-run-id-provided"
    }
},
{
    "entityType": "container",
    "entityUrn": "urn:li:container:afc89a9f6529cfeae28f6d91b84f159e",
    "changeType": "UPSERT",
    "aspectName": "subTypes",
    "aspect": {
        "json": {
            "typeNames": [
                "Schema"
            ]
        }
    },
    "systemMetadata": {
        "lastObserved": 1615443388097,
        "runId": "oracle-no-procedures-test",
        "lastRunId": "no-run-id-provided"
    }
},
{
    "entityType": "container",
    "entityUrn": "urn:li:container:afc89a9f6529cfeae28f6d91b84f159e",
    "changeType": "UPSERT",
    "aspectName": "browsePathsV2",
    "aspect": {
        "json": {
            "path": [
                {
                    "id": "urn:li:container:3a4688ecc84119d5c1b3004e4a9a63b0",
                    "urn": "urn:li:container:3a4688ecc84119d5c1b3004e4a9a63b0"
                }
            ]
        }
    },
    "systemMetadata": {
        "lastObserved": 1615443388097,
        "runId": "oracle-no-procedures-test",
        "lastRunId": "no-run-id-provided"
    }
},
{
    "entityType": "dataset",
    "entityUrn": "urn:li:dataset:(urn:li:dataPlatform:oracle,hr_schema.departments,PROD)",
    "changeType": "UPSERT",
    "aspectName": "container",
    "aspect": {
        "json": {
            "container": "urn:li:container:afc89a9f6529cfeae28f6d91b84f159e"
        }
    },
    "systemMetadata": {
        "lastObserved": 1615443388097,
        "runId": "oracle-no-procedures-test",
        "lastRunId": "no-run-id-provided"
    }
},
{
    "proposedSnapshot": {
        "com.linkedin.pegasus2avro.metadata.snapshot.DatasetSnapshot": {
            "urn": "urn:li:dataset:(urn:li:dataPlatform:oracle,hr_schema.departments,PROD)",
            "aspects": [
                {
                    "com.linkedin.pegasus2avro.common.Status": {
                        "removed": false
                    }
                },
                {
                    "com.linkedin.pegasus2avro.dataset.DatasetProperties": {
                        "customProperties": {},
                        "name": "departments",
                        "tags": []
                    }
                },
                {
                    "com.linkedin.pegasus2avro.schema.SchemaMetadata": {
                        "schemaName": "hr_schema.departments",
                        "platform": "urn:li:dataPlatform:oracle",
                        "version": 0,
                        "created": {
                            "time": 0,
                            "actor": "urn:li:corpuser:unknown"
                        },
                        "lastModified": {
                            "time": 0,
                            "actor": "urn:li:corpuser:unknown"
                        },
                        "hash": "",
                        "platformSchema": {
                            "com.linkedin.pegasus2avro.schema.MySqlDDL": {
                                "tableSchema": ""
                            }
                        },
                        "fields": [
                            {
                                "fieldPath": "department_id",
                                "nullable": false,
                                "type": {
                                    "type": {
                                        "com.linkedin.pegasus2avro.schema.NumberType": {}
                                    }
                                },
                                "nativeDataType": "NUMBER(4, 0)",
                                "recursive": false,
                                "isPartOfKey": true
                            },
                            {
                                "fieldPath": "department_name",
                                "nullable": false,
                                "type": {
                                    "type": {
                                        "com.linkedin.pegasus2avro.schema.StringType": {}
                                    }
                                },
                                "nativeDataType": "VARCHAR(30 CHAR)",
                                "recursive": false,
                                "isPartOfKey": false
                            },
                            {
                                "fieldPath": "manager_id",
                                "nullable": true,
                                "type": {
                                    "type": {
                                        "com.linkedin.pegasus2avro.schema.NumberType": {}
                                    }
                                },
                                "nativeDataType": "NUMBER(6, 0)",
                                "recursive": false,
                                "isPartOfKey": false
                            },
                            {
                                "fieldPath": "location_id",
                                "nullable": true,
                                "type": {
                                    "type": {
                                        "com.linkedin.pegasus2avro.schema.NumberType": {}
                                    }
                                },
                                "nativeDataType": "NUMBER(4, 0)",
                                "recursive": false,
                                "isPartOfKey": false
                            }
                        ]
                    }
                }
            ]
        }
    },
    "systemMetadata": {
        "lastObserved": 1615443388097,
        "runId": "oracle-no-procedures-test",
        "lastRunId": "no-run-id-provided"
    }
},
{
    "entityType": "dataset",
    "entityUrn": "urn:li:dataset:(urn:li:dataPlatform:oracle,hr_schema.departments,PROD)",
    "changeType": "UPSERT",
    "aspectName": "subTypes",
    "aspect": {
        "json": {
            "typeNames": [
                "Table"
            ]
        }
    },
    "systemMetadata": {
        "lastObserved": 1615443388097,
        "runId": "oracle-no-procedures-test",
        "lastRunId": "no-run-id-provided"
    }
},
{
    "entityType": "dataset",
    "entityUrn": "urn:li:dataset:(urn:li:dataPlatform:oracle,hr_schema.departments,PROD)",
    "changeType": "UPSERT",
    "aspectName": "browsePathsV2",
    "aspect": {
        "json": {
            "path": [
                {
                    "id": "urn:li:container:3a4688ecc84119d5c1b3004e4a9a63b0",
                    "urn": "urn:li:container:3a4688ecc84119d5c1b3004e4a9a63b0"
                },
                {
                    "id": "urn:li:container:afc89a9f6529cfeae28f6d91b84f159e",
                    "urn": "urn:li:container:afc89a9f6529cfeae28f6d91b84f159e"
                }
            ]
        }
    },
    "systemMetadata": {
        "lastObserved": 1615443388097,
        "runId": "oracle-no-procedures-test",
        "lastRunId": "no-run-id-provided"
    }
},
{
    "entityType": "dataset",
    "entityUrn": "urn:li:dataset:(urn:li:dataPlatform:oracle,hr_schema.employees,PROD)",
    "changeType": "UPSERT",
    "aspectName": "container",
    "aspect": {
        "json": {
            "container": "urn:li:container:afc89a9f6529cfeae28f6d91b84f159e"
        }
    },
    "systemMetadata": {
        "lastObserved": 1615443388097,
        "runId": "oracle-no-procedures-test",
        "lastRunId": "no-run-id-provided"
    }
},
{
    "proposedSnapshot": {
        "com.linkedin.pegasus2avro.metadata.snapshot.DatasetSnapshot": {
            "urn": "urn:li:dataset:(urn:li:dataPlatform:oracle,hr_schema.employees,PROD)",
            "aspects": [
                {
                    "com.linkedin.pegasus2avro.common.Status": {
                        "removed": false
                    }
                },
                {
                    "com.linkedin.pegasus2avro.dataset.DatasetProperties": {
                        "customProperties": {},
                        "name": "employees",
                        "tags": []
                    }
                },
                {
                    "com.linkedin.pegasus2avro.schema.SchemaMetadata": {
                        "schemaName": "hr_schema.employees",
                        "platform": "urn:li:dataPlatform:oracle",
                        "version": 0,
                        "created": {
                            "time": 0,
                            "actor": "urn:li:corpuser:unknown"
                        },
                        "lastModified": {
                            "time": 0,
                            "actor": "urn:li:corpuser:unknown"
                        },
                        "hash": "",
                        "platformSchema": {
                            "com.linkedin.pegasus2avro.schema.MySqlDDL": {
                                "tableSchema": ""
                            }
                        },
                        "fields": [
                            {
                                "fieldPath": "employee_id",
                                "nullable": false,
                                "type": {
                                    "type": {
                                        "com.linkedin.pegasus2avro.schema.NumberType": {}
                                    }
                                },
                                "nativeDataType": "NUMBER(6, 0)",
                                "recursive": false,
                                "isPartOfKey": true
                            },
                            {
                                "fieldPath": "first_name",
                                "nullable": true,
                                "type": {
                                    "type": {
                                        "com.linkedin.pegasus2avro.schema.StringType": {}
                                    }
                                },
                                "nativeDataType": "VARCHAR(20 CHAR)",
                                "recursive": false,
                                "isPartOfKey": false
                            },
                            {
                                "fieldPath": "last_name",
                                "nullable": false,
                                "type": {
                                    "type": {
                                        "com.linkedin.pegasus2avro.schema.StringType": {}
                                    }
                                },
                                "nativeDataType": "VARCHAR(25 CHAR)",
                                "recursive": false,
                                "isPartOfKey": false
                            },
                            {
                                "fieldPath": "email",
                                "nullable": false,
                                "type": {
                                    "type": {
                                        "com.linkedin.pegasus2avro.schema.StringType": {}
                                    }
                                },
                                "nativeDataType": "VARCHAR(25 CHAR)",
                                "recursive": false,
                                "isPartOfKey": false
                            },
                            {
                                "fieldPath": "phone_number",
                                "nullable": true,
                                "type": {
                                    "type": {
                                        "com.linkedin.pegasus2avro.schema.StringType": {}
                                    }
                                },
                                "nativeDataType": "VARCHAR(20 CHAR)",
                                "recursive": false,
                                "isPartOfKey": false
                            },
                            {
                                "fieldPath": "hire_date",
                                "nullable": false,
                                "type": {
                                    "type": {
                                        "com.linkedin.pegasus2avro.schema.TimeType": {}
                                    }
                                },
                                "nativeDataType": "DATE",
                                "recursive": false,
                                "isPartOfKey": false
                            },
                            {
                                "fieldPath": "job_id",
                                "nullable": false,
                                "type": {
                                    "type": {
                                        "com.linkedin.pegasus2avro.schema.StringType": {}
                                    }
                                },
                                "nativeDataType": "VARCHAR(10 CHAR)",
                                "recursive": false,
                                "isPartOfKey": false
                            },
                            {
                                "fieldPath": "salary",
                                "nullable": true,
                                "type": {
                                    "type": {
                                        "com.linkedin.pegasus2avro.schema.NumberType": {}
                                    }
                                },
                                "nativeDataType": "NUMBER(8, 2)",
                                "recursive": false,
                                "isPartOfKey": false
                            },
                            {
                                "fieldPath": "commission_pct",
                                "nullable": true,
                                "type": {
                                    "type": {
                                        "com.linkedin.pegasus2avro.schema.NumberType": {}
                                    }
                                },
                                "nativeDataType": "NUMBER(2, 2)",
                                "recursive": false,
                                "isPartOfKey": false
                            },
                            {
                                "fieldPath": "manager_id",
                                "nullable": true,
                                "type": {
                                    "type": {
                                        "com.linkedin.pegasus2avro.schema.NumberType": {}
                                    }
                                },
                                "nativeDataType": "NUMBER(6, 0)",
                                "recursive": false,
                                "isPartOfKey": false
                            },
                            {
                                "fieldPath": "department_id",
                                "nullable": true,
                                "type": {
                                    "type": {
                                        "com.linkedin.pegasus2avro.schema.NumberType": {}
                                    }
                                },
                                "nativeDataType": "NUMBER(4, 0)",
                                "recursive": false,
                                "isPartOfKey": false
                            }
                        ],
                        "foreignKeys": [
                            {
                                "name": "emp_dept_fk",
                                "foreignFields": [
                                    "urn:li:schemaField:(urn:li:dataset:(urn:li:dataPlatform:oracle,hr_schema.departments,PROD),department_id)"
                                ],
                                "sourceFields": [
                                    "urn:li:schemaField:(urn:li:dataset:(urn:li:dataPlatform:oracle,hr_schema.employees,PROD),department_id)"
                                ],
                                "foreignDataset": "urn:li:dataset:(urn:li:dataPlatform:oracle,hr_schema.departments,PROD)"
                            }
                        ]
                    }
                }
            ]
        }
    },
    "systemMetadata": {
        "lastObserved": 1615443388097,
        "runId": "oracle-no-procedures-test",
        "lastRunId": "no-run-id-provided"
    }
},
{
    "entityType": "dataset",
    "entityUrn": "urn:li:dataset:(urn:li:dataPlatform:oracle,hr_schema.employees,PROD)",
    "changeType": "UPSERT",
    "aspectName": "subTypes",
    "aspect": {
        "json": {
            "typeNames": [
                "Table"
            ]
        }
    },
    "systemMetadata": {
        "lastObserved": 1615443388097,
        "runId": "oracle-no-procedures-test",
        "lastRunId": "no-run-id-provided"
    }
},
{
    "entityType": "dataset",
    "entityUrn": "urn:li:dataset:(urn:li:dataPlatform:oracle,hr_schema.employees,PROD)",
    "changeType": "UPSERT",
    "aspectName": "browsePathsV2",
    "aspect": {
        "json": {
            "path": [
                {
                    "id": "urn:li:container:3a4688ecc84119d5c1b3004e4a9a63b0",
                    "urn": "urn:li:container:3a4688ecc84119d5c1b3004e4a9a63b0"
                },
                {
                    "id": "urn:li:container:afc89a9f6529cfeae28f6d91b84f159e",
                    "urn": "urn:li:container:afc89a9f6529cfeae28f6d91b84f159e"
                }
            ]
        }
    },
    "systemMetadata": {
        "lastObserved": 1615443388097,
        "runId": "oracle-no-procedures-test",
        "lastRunId": "no-run-id-provided"
    }
},
{
    "entityType": "dataset",
    "entityUrn": "urn:li:dataset:(urn:li:dataPlatform:oracle,hr_schema.employee_summary,PROD)",
    "changeType": "UPSERT",
    "aspectName": "container",
    "aspect": {
        "json": {
            "container": "urn:li:container:afc89a9f6529cfeae28f6d91b84f159e"
        }
    },
    "systemMetadata": {
        "lastObserved": 1615443388097,
        "runId": "oracle-no-procedures-test",
        "lastRunId": "no-run-id-provided"
    }
},
{
    "proposedSnapshot": {
        "com.linkedin.pegasus2avro.metadata.snapshot.DatasetSnapshot": {
            "urn": "urn:li:dataset:(urn:li:dataPlatform:oracle,hr_schema.employee_summary,PROD)",
            "aspects": [
                {
                    "com.linkedin.pegasus2avro.common.Status": {
                        "removed": false
                    }
                },
                {
                    "com.linkedin.pegasus2avro.dataset.DatasetProperties": {
                        "customProperties": {
                            "is_view": "True",
                            "view_definition": "SELECT\n    department_id,\n    COUNT(*) AS employee_count,\n    AVG(salary) AS avg_salary,\n    MAX(salary) AS max_salary,\n    MIN(salary) AS min_salary\nFROM employees\nGROUP BY department_id"
                        },
                        "name": "employee_summary",
                        "tags": []
                    }
                },
                {
                    "com.linkedin.pegasus2avro.schema.SchemaMetadata": {
                        "schemaName": "hr_schema.employee_summary",
                        "platform": "urn:li:dataPlatform:oracle",
                        "version": 0,
                        "created": {
                            "time": 0,
                            "actor": "urn:li:corpuser:unknown"
                        },
                        "lastModified": {
                            "time": 0,
                            "actor": "urn:li:corpuser:unknown"
                        },
                        "hash": "",
                        "platformSchema": {
                            "com.linkedin.pegasus2avro.schema.MySqlDDL": {
                                "tableSchema": ""
                            }
                        },
                        "fields": [
                            {
                                "fieldPath": "department_id",
                                "nullable": true,
                                "type": {
                                    "type": {
                                        "com.linkedin.pegasus2avro.schema.NumberType": {}
                                    }
                                },
                                "nativeDataType": "NUMBER(4, 0)",
                                "recursive": false,
                                "isPartOfKey": false
                            },
                            {
                                "fieldPath": "employee_count",
                                "nullable": true,
                                "type": {
                                    "type": {
                                        "com.linkedin.pegasus2avro.schema.NumberType": {}
                                    }
                                },
                                "nativeDataType": "NUMBER",
                                "recursive": false,
                                "isPartOfKey": false
                            },
                            {
                                "fieldPath": "avg_salary",
                                "nullable": true,
                                "type": {
                                    "type": {
                                        "com.linkedin.pegasus2avro.schema.NumberType": {}
                                    }
                                },
                                "nativeDataType": "NUMBER",
                                "recursive": false,
                                "isPartOfKey": false
                            },
                            {
                                "fieldPath": "max_salary",
                                "nullable": true,
                                "type": {
                                    "type": {
                                        "com.linkedin.pegasus2avro.schema.NumberType": {}
                                    }
                                },
                                "nativeDataType": "NUMBER",
                                "recursive": false,
                                "isPartOfKey": false
                            },
                            {
                                "fieldPath": "min_salary",
                                "nullable": true,
                                "type": {
                                    "type": {
                                        "com.linkedin.pegasus2avro.schema.NumberType": {}
                                    }
                                },
                                "nativeDataType": "NUMBER",
                                "recursive": false,
                                "isPartOfKey": false
                            }
                        ]
                    }
                }
            ]
        }
    },
    "systemMetadata": {
        "lastObserved": 1615443388097,
        "runId": "oracle-no-procedures-test",
        "lastRunId": "no-run-id-provided"
    }
},
{
    "entityType": "dataset",
    "entityUrn": "urn:li:dataset:(urn:li:dataPlatform:oracle,hr_schema.employee_summary,PROD)",
    "changeType": "UPSERT",
    "aspectName": "subTypes",
    "aspect": {
        "json": {
            "typeNames": [
                "View"
            ]
        }
    },
    "systemMetadata": {
        "lastObserved": 1615443388097,
        "runId": "oracle-no-procedures-test",
        "lastRunId": "no-run-id-provided"
    }
},
{
    "entityType": "dataset",
    "entityUrn": "urn:li:dataset:(urn:li:dataPlatform:oracle,hr_schema.employee_summary,PROD)",
    "changeType": "UPSERT",
    "aspectName": "viewProperties",
    "aspect": {
        "json": {
            "materialized": false,
            "viewLogic": "SELECT\n    department_id,\n    COUNT(*) AS employee_count,\n    AVG(salary) AS avg_salary,\n    MAX(salary) AS max_salary,\n    MIN(salary) AS min_salary\nFROM employees\nGROUP BY department_id",
            "viewLanguage": "SQL"
        }
    },
    "systemMetadata": {
        "lastObserved": 1615443388097,
        "runId": "oracle-no-procedures-test",
        "lastRunId": "no-run-id-provided"
    }
},
{
    "entityType": "dataset",
    "entityUrn": "urn:li:dataset:(urn:li:dataPlatform:oracle,hr_schema.employee_summary,PROD)",
    "changeType": "UPSERT",
    "aspectName": "upstreamLineage",
    "aspect": {
        "json": {
            "upstreams": [
                {
                    "auditStamp": {
                        "time": 1615443388097,
                        "actor": "urn:li:corpuser:_ingestion"
                    },
                    "created": {
                        "time": 0,
                        "actor": "urn:li:corpuser:_ingestion"
                    },
                    "dataset": "urn:li:dataset:(urn:li:dataPlatform:oracle,hr_schema.employees,PROD)",
                    "type": "VIEW",
                    "query": "urn:li:query:view_urn%3Ali%3Adataset%3A%28urn%3Ali%3AdataPlatform%3Aoracle%2Chr_schema.employee_summary%2CPROD%29"
                }
            ],
            "fineGrainedLineages": [
                {
                    "upstreamType": "FIELD_SET",
                    "upstreams": [
                        "urn:li:schemaField:(urn:li:dataset:(urn:li:dataPlatform:oracle,hr_schema.employees,PROD),department_id)"
                    ],
                    "downstreamType": "FIELD",
                    "downstreams": [
                        "urn:li:schemaField:(urn:li:dataset:(urn:li:dataPlatform:oracle,hr_schema.employee_summary,PROD),department_id)"
                    ],
                    "transformOperation": "COPY: \"EMPLOYEES\".\"DEPARTMENT_ID\" AS \"DEPARTMENT_ID\"",
                    "confidenceScore": 0.9,
                    "query": "urn:li:query:view_urn%3Ali%3Adataset%3A%28urn%3Ali%3AdataPlatform%3Aoracle%2Chr_schema.employee_summary%2CPROD%29"
                },
                {
                    "upstreamType": "FIELD_SET",
                    "upstreams": [
                        "urn:li:schemaField:(urn:li:dataset:(urn:li:dataPlatform:oracle,hr_schema.employees,PROD),salary)"
                    ],
                    "downstreamType": "FIELD",
                    "downstreams": [
                        "urn:li:schemaField:(urn:li:dataset:(urn:li:dataPlatform:oracle,hr_schema.employee_summary,PROD),avg_salary)"
                    ],
                    "transformOperation": "SQL: AVG(\"EMPLOYEES\".\"SALARY\") AS \"AVG_SALARY\"",
                    "confidenceScore": 0.9,
                    "query": "urn:li:query:view_urn%3Ali%3Adataset%3A%28urn%3Ali%3AdataPlatform%3Aoracle%2Chr_schema.employee_summary%2CPROD%29"
                },
                {
                    "upstreamType": "FIELD_SET",
                    "upstreams": [
                        "urn:li:schemaField:(urn:li:dataset:(urn:li:dataPlatform:oracle,hr_schema.employees,PROD),salary)"
                    ],
                    "downstreamType": "FIELD",
                    "downstreams": [
                        "urn:li:schemaField:(urn:li:dataset:(urn:li:dataPlatform:oracle,hr_schema.employee_summary,PROD),max_salary)"
                    ],
                    "transformOperation": "SQL: MAX(\"EMPLOYEES\".\"SALARY\") AS \"MAX_SALARY\"",
                    "confidenceScore": 0.9,
                    "query": "urn:li:query:view_urn%3Ali%3Adataset%3A%28urn%3Ali%3AdataPlatform%3Aoracle%2Chr_schema.employee_summary%2CPROD%29"
                },
                {
                    "upstreamType": "FIELD_SET",
                    "upstreams": [
                        "urn:li:schemaField:(urn:li:dataset:(urn:li:dataPlatform:oracle,hr_schema.employees,PROD),salary)"
                    ],
                    "downstreamType": "FIELD",
                    "downstreams": [
                        "urn:li:schemaField:(urn:li:dataset:(urn:li:dataPlatform:oracle,hr_schema.employee_summary,PROD),min_salary)"
                    ],
                    "transformOperation": "SQL: MIN(\"EMPLOYEES\".\"SALARY\") AS \"MIN_SALARY\"",
                    "confidenceScore": 0.9,
                    "query": "urn:li:query:view_urn%3Ali%3Adataset%3A%28urn%3Ali%3AdataPlatform%3Aoracle%2Chr_schema.employee_summary%2CPROD%29"
                }
            ]
        }
    },
    "systemMetadata": {
        "lastObserved": 1615443388097,
        "runId": "oracle-no-procedures-test",
        "lastRunId": "no-run-id-provided"
    }
},
{
    "entityType": "dataset",
    "entityUrn": "urn:li:dataset:(urn:li:dataPlatform:oracle,hr_schema.employee_summary,PROD)",
    "changeType": "UPSERT",
    "aspectName": "browsePathsV2",
    "aspect": {
        "json": {
            "path": [
                {
                    "id": "urn:li:container:3a4688ecc84119d5c1b3004e4a9a63b0",
                    "urn": "urn:li:container:3a4688ecc84119d5c1b3004e4a9a63b0"
                },
                {
                    "id": "urn:li:container:afc89a9f6529cfeae28f6d91b84f159e",
                    "urn": "urn:li:container:afc89a9f6529cfeae28f6d91b84f159e"
                }
            ]
        }
    },
    "systemMetadata": {
        "lastObserved": 1615443388097,
        "runId": "oracle-no-procedures-test",
        "lastRunId": "no-run-id-provided"
    }
},
{
    "entityType": "query",
    "entityUrn": "urn:li:query:view_urn%3Ali%3Adataset%3A%28urn%3Ali%3AdataPlatform%3Aoracle%2Chr_schema.employee_summary%2CPROD%29",
    "changeType": "UPSERT",
    "aspectName": "queryProperties",
    "aspect": {
        "json": {
            "customProperties": {},
            "statement": {
                "value": "SELECT\n  department_id,\n  COUNT(*) AS employee_count,\n  AVG(salary) AS avg_salary,\n  MAX(salary) AS max_salary,\n  MIN(salary) AS min_salary\nFROM employees\nGROUP BY\n  department_id",
                "language": "SQL"
            },
            "source": "SYSTEM",
            "created": {
                "time": 0,
                "actor": "urn:li:corpuser:_ingestion"
            },
            "lastModified": {
                "time": 1761581995835,
                "actor": "urn:li:corpuser:_ingestion"
            }
        }
    },
    "systemMetadata": {
        "lastObserved": 1615443388097,
        "runId": "oracle-no-procedures-test",
        "lastRunId": "no-run-id-provided"
    }
},
{
    "entityType": "query",
    "entityUrn": "urn:li:query:view_urn%3Ali%3Adataset%3A%28urn%3Ali%3AdataPlatform%3Aoracle%2Chr_schema.employee_summary%2CPROD%29",
    "changeType": "UPSERT",
    "aspectName": "querySubjects",
    "aspect": {
        "json": {
            "subjects": [
                {
                    "entity": "urn:li:dataset:(urn:li:dataPlatform:oracle,hr_schema.employees,PROD)"
                },
                {
                    "entity": "urn:li:dataset:(urn:li:dataPlatform:oracle,hr_schema.employee_summary,PROD)"
                },
                {
                    "entity": "urn:li:schemaField:(urn:li:dataset:(urn:li:dataPlatform:oracle,hr_schema.employees,PROD),department_id)"
                },
                {
                    "entity": "urn:li:schemaField:(urn:li:dataset:(urn:li:dataPlatform:oracle,hr_schema.employees,PROD),salary)"
                },
                {
                    "entity": "urn:li:schemaField:(urn:li:dataset:(urn:li:dataPlatform:oracle,hr_schema.employee_summary,PROD),department_id)"
                },
                {
                    "entity": "urn:li:schemaField:(urn:li:dataset:(urn:li:dataPlatform:oracle,hr_schema.employee_summary,PROD),employee_count)"
                },
                {
                    "entity": "urn:li:schemaField:(urn:li:dataset:(urn:li:dataPlatform:oracle,hr_schema.employee_summary,PROD),avg_salary)"
                },
                {
                    "entity": "urn:li:schemaField:(urn:li:dataset:(urn:li:dataPlatform:oracle,hr_schema.employee_summary,PROD),max_salary)"
                },
                {
                    "entity": "urn:li:schemaField:(urn:li:dataset:(urn:li:dataPlatform:oracle,hr_schema.employee_summary,PROD),min_salary)"
                }
            ]
        }
    },
    "systemMetadata": {
        "lastObserved": 1615443388097,
        "runId": "oracle-no-procedures-test",
        "lastRunId": "no-run-id-provided"
    }
},
{
    "entityType": "query",
    "entityUrn": "urn:li:query:view_urn%3Ali%3Adataset%3A%28urn%3Ali%3AdataPlatform%3Aoracle%2Chr_schema.employee_summary%2CPROD%29",
    "changeType": "UPSERT",
    "aspectName": "dataPlatformInstance",
    "aspect": {
        "json": {
            "platform": "urn:li:dataPlatform:oracle"
        }
    },
    "systemMetadata": {
        "lastObserved": 1615443388097,
        "runId": "oracle-no-procedures-test",
        "lastRunId": "no-run-id-provided"
    }
},
{
    "entityType": "query",
    "entityUrn": "urn:li:query:view_urn%3Ali%3Adataset%3A%28urn%3Ali%3AdataPlatform%3Aoracle%2Chr_schema.employee_summary%2CPROD%29",
    "changeType": "UPSERT",
    "aspectName": "status",
    "aspect": {
        "json": {
            "removed": false
        }
    },
    "systemMetadata": {
        "lastObserved": 1615443388097,
        "runId": "oracle-no-procedures-test",
        "lastRunId": "no-run-id-provided"
    }
}
]